<html>
<body>
<pre>
<h1>µVision Build Log</h1>
<h2>Tool Versions:</h2>
IDE-Version: µVision V5.25.2.0
Copyright (C) 2018 ARM Ltd and ARM Germany GmbH. All rights reserved.
License Information: Hieu Thai, ATA, LIC=X96FW-QKHV9-01NP1-C61A7-HCELN-5YJAW
 
Tool Versions:
Toolchain:       MDK-ARM Plus  Version: 5.25.2.0
Toolchain Path:  F:\Keil_v5\ARM\ARMCC\Bin
C Compiler:      Armcc.exe V5.06 update 6 (build 750)
Assembler:       Armasm.exe V5.06 update 6 (build 750)
Linker/Locator:  ArmLink.exe V5.06 update 6 (build 750)
Library Manager: ArmAr.exe V5.06 update 6 (build 750)
Hex Converter:   FromElf.exe V5.06 update 6 (build 750)
CPU DLL:         SARMCM3.DLL V5.25.2.0
Dialog DLL:      DARMSTM.DLL V1.68.0.0
Target DLL:      Segger\JL2CM3.dll V2.99.29.0
Dialog DLL:      TARMSTM.DLL V1.66.0.0
 
<h2>Project:</h2>
F:\Work\SmartTec\LED_RGB\TestFunction\ARM_F1_Periph\ARM_F1_Periph.uvprojx
Project File Date:  03/25/2019

<h2>Output:</h2>
*** Using Compiler 'V5.06 update 6 (build 750)', folder: 'F:\Keil_v5\ARM\ARMCC\Bin'
Build target 'ARM_F1_Periph'
compiling main.c...
.\User\sparkle.h(8): warning:  #1-D: last line of file ends without a newline
  void Sparkle12Channel(uint64_t RGB_Background, int channelSpark, uint64_t RGBsparkColor);
.\User\sparkle.h(8): warning:  #1-D: last line of file ends without a newline
  void Sparkle12Channel(uint64_t RGB_Background, int channelSpark, uint64_t RGBsparkColor);
.\User\colorRun.h(7): warning:  #1-D: last line of file ends without a newline
  void ColorRun(uint64_t BackGround, uint64_t RunningColor, uint16_t frequency);
User\main.c(45): warning:  #188-D: enumerated type mixed with another type
  		GPIO_WriteBit(GPIOB,GPIO_Pin_13,!GPIO_ReadOutputDataBit(GPIOB,GPIO_Pin_13));		
User\main.c(49): warning:  #177-D: variable "buffer"  was declared but never referenced
  		uint8_t buffer[12]={3,2,1,6,5,4,9,8,7,12,11,10}; /*From right to Left*/
User\main.c(51): warning:  #177-D: variable "frequency"  was declared but never referenced
  		uint16_t frequency = 7;
User\main.c(127): warning:  #177-D: variable "NVIC_InitStructure"  was declared but never referenced
  	NVIC_InitTypeDef NVIC_InitStructure;
User\main.c(155): warning:  #188-D: enumerated type mixed with another type
  	GPIO_WriteBit(PORT_LED,DI,0);
User\main.c(167): warning:  #188-D: enumerated type mixed with another type
  		GPIO_WriteBit(PORT_LED,DI,(data>>i)&1);
User\main.c(168): warning:  #188-D: enumerated type mixed with another type
  		GPIO_WriteBit(PORT_LED,DCKI,!GPIO_ReadOutputDataBit(PORT_LED,DCKI)); //Create clock
User\main.c(263): warning:  #1-D: last line of file ends without a newline
  	
User\main.c: 11 warnings, 0 errors
linking...
Program Size: Code=3696 RO-data=268 RW-data=20 ZI-data=1636  
FromELF: creating hex file...
".\Objects\ARM_F1_Periph.axf" - 0 Error(s), 11 Warning(s).

<h2>Software Packages used:</h2>

Package Vendor: Keil
                http://www.keil.com/pack/Keil.STM32F1xx_DFP.2.2.0.pack
                Keil.STM32F1xx_DFP.2.2.0
                STMicroelectronics STM32F1 Series Device Support, Drivers and Examples

<h2>Collection of Component include folders:</h2>
  .\RTE\_ARM_F1_Periph
  F:\Keil_v5\ARM\PACK\Keil\STM32F1xx_DFP\2.2.0\Device\Include

<h2>Collection of Component Files used:</h2>
Build Time Elapsed:  00:00:01
</pre>
</body>
</html>
